###########################################################
###########################################################
#        ##################################################
#        #          #######################################
#   G    #          #         #############################
#   R    #          #         #         ###################
#        #          #    P    #         ###################
#  ####  #          #         #         ###################
#           ######  #  #####  #  #####  ###################
#########V                    H         ###################
###        ################### H###########################
###     #  #                 #  ###########################
#########  #                 #  ###########################
###        #                 #  ###########################
###     #  #                 #  ###########################
#########  #                 #  ###########################
###       V#                 #  ###########################
###     #  ###################  ###########################
###     #  #     #      #    #  ####  #            #####  #
###     #  #     #      # S  #    ##  #            #####  #
###     #  #     #      #    #  ####  #            #####  #
###        #     #      #        E##  #            #   #  #
#########  ####  ###  ########  #### ##  ########  #   # ##
###                                                       #
###  #####  #  #####  #  ####  #  ######  #  ########  # ##
###         #         #        #          #            #  #
###         #         #        #          #     I      #  #
###         #         #        #          #            #  #
###         #         #        #          #            #  #
###########################################################
