#################################################################
#################################################################
#   w m  ########################################################
#   w m  #          #############################################
#P   G   #          #         ###################################
#   m w  #    I     #         #         #########################
#   m w  #          #         #         #########################
#  ####  #          #         #         #########################
#        V  ######  #  #####  #  #####  #########################
#########  H                  V         #########################
###  E     ###################  #################################
###     #  #                 #  #################################
#########  #                 #  #################################
###        #                 #  #################################
###        #                 #  #################################
###     #  #                 #  #################################
###     #  #                 #  #################################
###     #  ###################  #################################
###     #  #     #      # F  #  ####  #            #####        #
###     #  #     #      # S  #    ##  #            #####        #
###        #     #      #    #  ####  #            #####        #
###        #     #      #         ##  #            #   #        #
#########  ####  ###  ########  #### ##  ########  #   #  ####  #
###       VH V V           V V V     V     V         V  V     V #
###  #######  #  #########  #  #####  # ###  ########  #  ####  #
###           #             #         #   #            #        #
###           #             #         #   #            #    R   #
###           #             #         #   #            #        #
###           #             #         #   #            #        #
#################################################################
