#################################################################
#################################################################
#        ########################################################
#        #          #############################################
#        #          #         ###################################
#        #    I     #         #         #########################
#        #          #         #   P     #########################
#  ####  #          #         #         #########################
#           ######  #  #####  #  #####  #########################
#########                               #########################
###      V ###################  #################################
###     # V#                 #  #################################
#########  #                 #  #################################
###        #                 #  #################################
###        #                 #  #################################
###     #  #                 #  #################################
###     #  #                 #  #################################
###     #  ###################  #################################
###     #  #     #      #    #  ####  #            #####        #
###     #  #     #      # S  #    ##  #            #####        #
###        #     #      #    #  ####  #            #####        #
###        #     #      #         ##  #            #   #        #
#########  ####  ###  ########  #### ##  ########  #   #  ####  #
###        H                                                    #
###  #######  #  #########  #  #####  # ###  ########  #  ####  #
###           #             #         #   #            #        #
###           #             #         #   #            #    R   #
###           #             #         #   #            #    G   #
###           #             #         #   #            #        #
#################################################################
