###################################################################
#        #     #      #    #     #  #         #  #####  #         #
#   I    #     #      # F  #  ####  #    I    #  #####  #         #
#   R    #     #  E   # S  # V  ##  #    R    #  #####  #   E     #
#        #     #      #    #  ####  #         #  #####  #         #
#        #     #      #     V   ##  #         #  #   #  #         #
# ##### ##  ####BB##########  #### ##  #####  ## #   # ##  #####  #
#                   H                                       H     #
# V  V  V H                                                       #
## ## ## #  ########  #  ######  # ##  #####  #  #####  # B#####BB#
#  #  #  #  m   m  m  #   w  w   #  #  M   m  #         #         #
# E# A#  #            #          #  #  w   m  #         #         #
#  #  #  #  w E m  m  #   w  m   #  #P        #  TET    #    G    #
#  #  #  #  m   W  w  #   w  m   #  #  w   m  #  TTT    #         #
#E #A #I #            #          #  #  m   m  #         #         #
###################################################################
