
#                                                             
#
#
#    F
#
#
#     K
#
#                                                             #   P  #
#                                                             ########  
#
#                                                                   
###################################################################BB#
###################################################################BB#
#  #     #     #      #    #  ####  #        # # #####  #         #  #
#  #     # A   #      # S  #    ##  #        # # #####  #         #  #
#  #     #     #      #    #G ####  #        # # #####  #         #  #
#  #     #     #      #         ##  #        # # #   #  #         #  #
# ##  ####  ####  ##########  #### ##  ####  # # #   # ##  #####  #  #
#        H                            H                              #
######  ##  ##  ###############  # ## ######  ## ##########  #  ######
#        #   #                   #  #  #       #  #          #       #
#        #V  #        R         V#  #  #       #  #          #   R   #
#        #   #        E          #  #  #       #  #          #   I   #
#        #   #                   #  #  #       #  #          #       #
######################################################################
