
##################################################################  ##
#   #F#                                                              #
#        m     m     w      w      m       w       m       m         #
#        m     m     m      m      m       w       m       m         #
#                                                                    #
#        m     w     m      w      m       m       m       m         #
#        w     w     m      w      m       w       w                 #
#                                                          #    P    #
#   #    w     m     m      w      m       m       w       ########### 
#   #    m     w     m      #      m       w       m                 #
#                                                                    #
###################################################################BB#
###################################################################BB#
#  #  M  #     #      #    #  ####  #   w  w # # #####  #         #AB#
#  #     #  A  #      # S  #   A##  #        # # #####  #  A   A  #BE#
#  #  w  #     #      #    #  ####  #   m  m # # #####  #         #AB#
#  #     #     #      #        A##  #        # # #   #  #         #BA#
# ##  ####  ####  ##########V #### ##  ####  # # #   # ##  #####  #  #
#      H                         H                            H      #
#        H                           H                               #
######  ##V ##  ###############  # ## ######  ## ##########  #  ######
#   m    #   #                   #  #  #       #  #          #T      #
#   G    #   #        E         V#  #  #   w   #  #   m  w   #    I  #
#   m    #   #        R          #  #  #   m   #  #   m  w   #       #
#        #   #                   #  #  #       #  #          #       #
######################################################################
