###############################################################################################################################################################################################################################################################
###############################################################################################################################################################################################################################################################
########               ########################################################################################################################################################################################################################################
########                         ##############################################################################################################################################################################################################################
#######                                   ##          #########################################################################################################################################################################################################
#######      S                            #                    ################################################################################################################################################################################################
######                                   ##                                   ## ##############################################################################################################################################################################
######                                   ##                                   #             ###################################################################################################################################################################
######        G                          ##                                  #                                #################################################################################################################################################
######                                   #                                  ##                                   ##                ############################################################################################################################
#####                                   #                 X                 ##                                   #                          ###################################################################################################################
#####                         X        ##                                   ##                                  #                                   ###########################################################################################################
####                                   ##                                   #                                   #                                  ############################################################################################################
####                                   ##                                  ##                                  ##                                  ############################################################################################################
####                                   #                                   ##                                  ##                                  ############################################################################################################
####    #############                 ##                                  ##                                   #                                  #############################################################################################################
###                      #######     ##                                   ##                                  ##                                 ##############################################################################################################
###                                       ######                          #                                   #                                  ##############################################################################################################
#########                                          ##############        ##                                   #                                  ##############################################################################################################
#####################                                       ########     #                                    #                                  ##############################################################################################################
###############   ###################                                            #############               ##                                 ###############################################################################################################
###############           ###########       ###        X                                  ############       #                                  ###############################################################################################################
###############                             #######################                                              ###########                   ################################################################################################################
###############                     #       ###    ####         ####################                                           ###########     ################################################################################################################
###############                     #       ###       ####               ######################                                         ##     ################################################################################################################
###############                     #       ###             ##                              ###############                                   #################################################################################################################
#####################################       ###               ###                                    ######            ###                    #################################################################################################################
###############                             ###                    ####                       ####      ###            ########################################################################################################################################
###############                             ###                      ####                  ####         ###            ########################################################################################################################################
###############                     #       ###                           ####     #####                ###            ########################################################################################################################################
###############                     #       ###                              ######                     ###            ########################################################################################################################################
###############                     #       ###                          #####    ###                   ###            ########################################################################################################################################
###############                     #       ###                   ###                   ###             ###            ########################################################################################################################################
###############                     #       ###               ####                        ####          ###            ########################################################################################################################################
###############                     #       ###        #####                                   ####     ###            ########################################################################################################################################
###############                     #       ###    ####                                           ###   ###            ########################################################################################################################################
###############                     #       ################################################################           ########################################################################################################################################
###############                     #        #                   #                        ##                            ######## ##        ##                                               ##           ##                                                 ###
###############                     #        #                   #                        ##                            ######## ##        ##                                               ##           ##                                                 ###
###############                     #        #                   #                        ################                     # ##        ##                                               ###############                                                 ###
###############                     #        #                   #                        ################                     # ##        ##                                               ###############                                                 ###
###############                     #        #                   #                        ################              ######## ##        ##                                               ###############                                                 ###
###############                     #        #                   #                        ################              ######## ##        ##                                               ###############                                                 ###
###############                     #        #                   #                        ################                     # ##         #                                               ###############                                                 ###
###############                     #        #                   #                        ################              ######## ##         #                                               ###############                                                 ###
###############                              #                   #                        #                             ######## ##         #                                               ##           ##                                                 ###
###############                              #                   #                        #                             #        ##         #                                               ##           ##                                                 ###
###############                     #        #                   #                        #                             #        ##         #                                               ##           ##                                                ###
###############                                                                                                                                                                                                                                             ###
###############                                                                                                                                                                                                                                             ###
###############                                                                                                                                                                                                                                             ###
###############                                                                                                                                                                                                                                             ###
###############   #####################################    #    #####################################    #     #########################    #           #    ######################################     #    ##########################################     ###
###############                                            #                                             #                                  #           #                                               #                                                   ###
###############                                            #                                             #                                  #           #                                               #                                                   ###
###############                                            #                                             #                                  #           #                                               #                                                   ###
###############                                            #                                             #                                  #           #                                               #                                                   ###
###############                                            #                                             #                                  #           #                                               #                                                   ###
###############                                            #                                             #                                  #           #                                               #                                                   ###
###############                                            #                                             #                                  #           #                                               #                                                   ###
###############                                            #                                             #                                  #           #                                               #                                                   ###
###############                                            #                                             #                                  #           #                                               #                                                   ###
###############################################################################################################################################################################################################################################################