############################################################
############################################################
##        ##################################################
##        #          #######################################
##   G    #          #         #############################
##   R    #          #         #         ###################
##        #          #    P    #         ###################
##  ####  #          #         #         ###################
##           ######  #  #####  #  ##########################
##########X                    X         ###################
####     #  ################### X###########################
####        #                 #  ###########################
##########  #                 #     ########################
####     #  #                 #  ###########################
####        #                 #     ########################
##########  #                 #  ###########################
####       X#                 #  ###########################
####     #  ###################  ###########################
####     #  #     #      #   #   #  #  #            #####  #
####     #  #     #      # S #   #  #  #            #####  #
####     #  #     #      #   #   #  #  #            #####  #
####        #     #      #       #  #  #            #   #  #
##########  ####  ###  #######   ## # ##  ########  #   # ##
####                                                       #
####  #####  #  #####  #  ####  #  ######  #  ########  #  #
####         #         #        #          #            #  #
####         #         #        #          #     I      #  #
####         #         #        #          #            #  #
####         #         #        #          #            #  #
############################################################
