##################################################################
##################################################################
##        ########################################################
##        #          #############################################
##        #          #         ###################################
##        #    I     #         #         #########################
##        #          #         #   P     #########################
##  ####  #          #         #         #########################
##           ######  #  #####  #  #####  #########################
##########                               #########################
####      X ###################  #################################
####     # X#                 #  #################################
##########  #                 #  #################################
####        #                 #  #################################
####        #                 #  #################################
####     #  #                 #  #################################
####     #  #                 #  #################################
####     #  ###################  #################################
####     #  #     #      #   #   ####  #            #####        #
####     #  #     #      # S #      #  #            #####        #
####        #     #      #   #   ####  #            #####        #
####        #     #      #          #  #            #   #        #
##########  ####  ###  #######   #### ##  ########  #   #  ####  #
####        X                                                    #
####  #######  #  #########  #  #####  # ###  ########  #  ####  #
####           #             #         #   #            #        #
####           #             #         #   #            #    R   #
####           #             #         #   #            #    G   #
####           #             #         #   #            #        #
##################################################################
